Resolving dependencies...
Downloading packages...
  _fe_analyzer_shared 85.0.0 (92.0.0 available)
  analyzer 7.6.0 (9.0.0 available)
  analyzer_buffer 0.1.10 (0.1.11 available)
  analyzer_plugin 0.13.4 (0.13.11 available)
  app_links 6.4.1 (7.0.0 available)
  battery_plus 6.2.3 (7.0.0 available)
  build 3.1.0 (4.0.3 available)
  build_daemon 4.1.0 (4.1.1 available)
  build_resolvers 3.0.3 (3.0.4 available)
  build_runner 2.7.1 (2.10.4 available)
  build_runner_core 9.3.1 (9.3.2 available)
  built_value 8.12.0 (8.12.1 available)
  characters 1.4.0 (1.4.1 available)
  cross_file 0.3.4+2 (0.3.5+1 available)
  crypto 3.0.6 (3.0.7 available)
  custom_lint 0.8.0 (0.8.1 available)
  custom_lint_builder 0.8.0 (0.8.1 available)
  custom_lint_core 0.8.0 (0.8.1 available)
  custom_lint_visitor 1.0.0+7.7.0 (1.0.0+8.4.0 available)
  dart_style 3.1.1 (3.1.3 available)
  device_info_plus 11.5.0 (12.2.0 available)
  file_picker 10.3.6 (10.3.7 available)
  fl_chart 0.70.2 (1.1.1 available)
  flutter_lints 5.0.0 (6.0.0 available)
  flutter_plugin_android_lifecycle 2.0.32 (2.0.33 available)
  flutter_secure_storage_linux 1.2.3 (2.0.1 available)
  flutter_secure_storage_macos 3.1.3 (4.0.0 available)
  flutter_secure_storage_platform_interface 1.1.2 (2.0.1 available)
  flutter_secure_storage_web 1.2.1 (2.0.0 available)
  flutter_secure_storage_windows 3.1.2 (4.0.0 available)
  flutter_svg 2.2.1 (2.2.3 available)
  fpdart 1.1.1 (1.2.0 available)
  http 1.5.0 (1.6.0 available)
  isolate_contactor 4.1.0 (4.2.0 available)
  isolate_manager 4.1.5+1 (6.1.2 available)
  ispect 4.4.8-dev02 (4.5.0-dev10 available)
  ispectify 4.4.8-dev02 (4.5.0-dev10 available)
  ispectify_dio 4.4.8-dev02 (4.5.0-dev10 available)
  js 0.6.7 (0.7.2 available)
  json_serializable 6.11.1 (6.11.3 available)
  lints 5.1.1 (6.0.0 available)
  matcher 0.12.17 (0.12.18 available)
  material_color_utilities 0.11.1 (0.13.0 available)
  meta 1.16.0 (1.17.0 available)
  mockito 5.5.0 (5.6.1 available)
  path_provider_android 2.2.20 (2.2.22 available)
  path_provider_foundation 2.4.3 (2.5.0 available)
  protobuf 4.2.0 (5.1.0 available)
  retrofit 4.7.3 (4.9.1 available)
  retrofit_generator 10.0.0 (10.2.0 available)
  shared_preferences_android 2.4.15 (2.4.17 available)
  shared_preferences_foundation 2.5.5 (2.5.6 available)
  source_gen 3.1.0 (4.1.1 available)
  source_helper 1.3.8 (1.3.9 available)
  stac_core 1.0.0 (1.1.0 available)
  stac_framework 0.4.0 (1.0.0 available)
  talker 5.0.2 (5.1.0 available)
  talker_flutter 5.0.2 (5.1.0 available)
  talker_logger 5.0.2 (5.1.0 available)
  test 1.26.2 (1.28.0 available)
  test_api 0.7.6 (0.7.8 available)
  test_core 0.6.11 (0.6.14 available)
  url_launcher_android 6.3.24 (6.3.28 available)
  url_launcher_ios 6.3.5 (6.3.6 available)
  url_launcher_linux 3.2.1 (3.2.2 available)
  url_launcher_macos 3.2.4 (3.2.5 available)
  url_launcher_windows 3.1.4 (3.1.5 available)
  uuid 4.5.1 (4.5.2 available)
Got dependencies!
68 packages have newer versions incompatible with dependency constraints.
Try `flutter pub outdated` for more information.
00:00 +0: loading C:/Users/alisi/OneDrive/Desktop/Works/Stac/tobank_sdui/test/tools/supabase_cli/commands_test.dart
00:00 +0: ValidateCommand should have correct command name and description
00:00 +1: ValidateCommand should have file option
00:00 +1 -1: ValidateCommand should have file option [E]
  Expected: not null
    Actual: <null>
  
  package:matcher                                     expect
  package:flutter_test/src/widget_tester.dart 473:18  expect
  test\tools\supabase_cli\commands_test.dart 54:7     main.<fn>.<fn>
  
00:00 +1 -1: ValidateCommand should support verbose flag
00:00 +1 -2: ValidateCommand should support verbose flag [E]
  Expected: not null
    Actual: <null>
  
  package:matcher                                     expect
  package:flutter_test/src/widget_tester.dart 473:18  expect
  test\tools\supabase_cli\commands_test.dart 63:7     main.<fn>.<fn>
  
00:00 +1 -2: ValidateCommand should support strict flag
00:00 +1 -3: ValidateCommand should support strict flag [E]
  Expected: not null
    Actual: <null>
  
  package:matcher                                     expect
  package:flutter_test/src/widget_tester.dart 473:18  expect
  test\tools\supabase_cli\commands_test.dart 72:7     main.<fn>.<fn>
  
00:00 +1 -3: ValidateCommand should support help flag
00:00 +2 -3: UploadCommand should have correct command name and description
00:00 +3 -3: UploadCommand should have screen and file options
00:00 +4 -3: UploadCommand should support optional project option
00:00 +4 -4: UploadCommand should support optional project option [E]
  Expected: not null
    Actual: <null>
  
  package:matcher                                     expect
  package:flutter_test/src/widget_tester.dart 473:18  expect
  test\tools\supabase_cli\commands_test.dart 111:7    main.<fn>.<fn>
  
00:00 +4 -4: UploadCommand should support skip-validation flag
00:00 +4 -5: UploadCommand should support skip-validation flag [E]
  Expected: not null
    Actual: <null>
  
  package:matcher                                     expect
  package:flutter_test/src/widget_tester.dart 473:18  expect
  test\tools\supabase_cli\commands_test.dart 120:7    main.<fn>.<fn>
  
00:00 +4 -5: UploadCommand should support description and tags options
00:00 +5 -5: DownloadCommand should have correct command name and description
00:00 +6 -5: DownloadCommand should have screen option
00:00 +7 -5: DownloadCommand should support optional output option
00:00 +8 -5: DownloadCommand should support optional project option
00:00 +9 -5: ListCommand should have correct command name and description
00:00 +10 -5: ListCommand should support verbose flag
00:00 +11 -5: ListCommand should support tag filter option
00:00 +11 -6: ListCommand should support tag filter option [E]
  Expected: not null
    Actual: <null>
  
  package:matcher                                     expect
  package:flutter_test/src/widget_tester.dart 473:18  expect
  test\tools\supabase_cli\commands_test.dart 197:7    main.<fn>.<fn>
  
00:00 +11 -6: ListCommand should support sort option with allowed values
00:00 +11 -7: ListCommand should support sort option with allowed values [E]
  Expected: not null
    Actual: <null>
  
  package:matcher                                     expect
  package:flutter_test/src/widget_tester.dart 473:18  expect
  test\tools\supabase_cli\commands_test.dart 206:7    main.<fn>.<fn>
  
00:00 +11 -7: ListCommand should support optional project option
00:00 +11 -8: ListCommand should support optional project option [E]
  Expected: not null
    Actual: <null>
  
  package:matcher                                     expect
  package:flutter_test/src/widget_tester.dart 473:18  expect
  test\tools\supabase_cli\commands_test.dart 219:7    main.<fn>.<fn>
  
00:00 +11 -8: DeleteCommand should have correct command name and description
00:00 +12 -8: DeleteCommand should have screen option
00:00 +13 -8: DeleteCommand should support force flag
00:00 +14 -8: DeleteCommand should support optional project option
00:00 +15 -8: HistoryCommand should have correct command name and description
00:00 +16 -8: HistoryCommand should have screen option
00:00 +17 -8: HistoryCommand should support limit option
00:00 +17 -9: HistoryCommand should support limit option [E]
  Expected: not null
    Actual: <null>
  
  package:matcher                                     expect
  package:flutter_test/src/widget_tester.dart 473:18  expect
  test\tools\supabase_cli\commands_test.dart 286:7    main.<fn>.<fn>
  
00:00 +17 -9: HistoryCommand should support optional project option
00:00 +18 -9: RollbackCommand should have correct command name and description
00:00 +19 -9: RollbackCommand should have screen and version options
00:00 +19 -10: RollbackCommand should have screen and version options [E]
  Expected: not null
    Actual: <null>
  
  package:matcher                                     expect
  package:flutter_test/src/widget_tester.dart 473:18  expect
  test\tools\supabase_cli\commands_test.dart 316:7    main.<fn>.<fn>
  
00:00 +19 -10: RollbackCommand should support force flag
00:00 +19 -11: RollbackCommand should support force flag [E]
  Expected: not null
    Actual: <null>
  
  package:matcher                                     expect
  package:flutter_test/src/widget_tester.dart 473:18  expect
  test\tools\supabase_cli\commands_test.dart 326:7    main.<fn>.<fn>
  
00:00 +19 -11: RollbackCommand should support optional project option
00:00 +19 -12: RollbackCommand should support optional project option [E]
  Expected: not null
    Actual: <null>
  
  package:matcher                                     expect
  package:flutter_test/src/widget_tester.dart 473:18  expect
  test\tools\supabase_cli\commands_test.dart 335:7    main.<fn>.<fn>
  
00:00 +19 -12: SupabaseCliService should create service with url and key
00:00 +20 -12: SupabaseCliService should throw error when calling methods before initialization
00:00 +21 -12: Command Parser Configuration all commands should have help flag
00:00 +21 -13: Command Parser Configuration all commands should have help flag [E]
  Expected: not null
    Actual: <null>
  upload should have help flag
  
  package:matcher                                     expect
  package:flutter_test/src/widget_tester.dart 473:18  expect
  test\tools\supabase_cli\commands_test.dart 385:9    main.<fn>.<fn>
  
00:00 +21 -13: Command Parser Configuration all commands should have name and description
00:00 +22 -13: Command Parser Validation upload command parser should have mandatory options configured
00:00 +23 -13: Command Parser Validation list command parser should reject invalid sort option
00:00 +24 -13: Command Parser Validation validate command parser should accept valid file argument
00:00 +24 -14: Command Parser Validation validate command parser should accept valid file argument [E]
  FormatException: Could not find an option named "--file".
  package:args/src/parser.dart 324:7                 Parser._validate
  package:args/src/parser.dart 310:7                 Parser._handleLongOption
  package:args/src/parser.dart 271:12                Parser._parseLongOption
  package:args/src/parser.dart 91:11                 Parser.parse
  package:args/src/arg_parser.dart 362:42            ArgParser.parse
  test\tools\supabase_cli\commands_test.dart 450:29  main.<fn>.<fn>
  
00:00 +24 -14: Command Parser Validation upload command parser should accept all valid arguments
00:00 +25 -14: Command Parser Validation download command parser should accept screen and output
00:00 +26 -14: Command Parser Validation delete command parser should accept screen and force flag
00:00 +27 -14: Command Parser Validation history command parser should accept screen and limit
00:00 +27 -15: Command Parser Validation history command parser should accept screen and limit [E]
  FormatException: Could not find an option named "--limit".
  package:args/src/parser.dart 324:7                 Parser._validate
  package:args/src/parser.dart 310:7                 Parser._handleLongOption
  package:args/src/parser.dart 271:12                Parser._parseLongOption
  package:args/src/parser.dart 91:11                 Parser.parse
  package:args/src/arg_parser.dart 362:42            ArgParser.parse
  test\tools\supabase_cli\commands_test.dart 516:29  main.<fn>.<fn>
  
00:00 +27 -15: Command Parser Validation rollback command parser should accept screen and version
00:00 +27 -16: Command Parser Validation rollback command parser should accept screen and version [E]
  FormatException: Could not find an option named "--screen".
  package:args/src/parser.dart 324:7                 Parser._validate
  package:args/src/parser.dart 310:7                 Parser._handleLongOption
  package:args/src/parser.dart 271:12                Parser._parseLongOption
  package:args/src/parser.dart 91:11                 Parser.parse
  package:args/src/arg_parser.dart 362:42            ArgParser.parse
  test\tools\supabase_cli\commands_test.dart 529:29  main.<fn>.<fn>
  
00:00 +27 -16: Some tests failed.
